<html>
<body>
<pre>
<h1>µVision Build Log</h1>
<h2>Project:</h2>
C:\Users\Jack\Desktop\stm32f103c8t6\USER\Template.uvproj
Project File Date:  08/13/2017

<h2>Output:</h2>
Build target 'Template'
compiling main.cpp...
compiling system_stm32f10x.c...
compiling String.c...
compiling misc.c...
compiling stm32f10x_adc.c...
compiling stm32f10x_bkp.c...
compiling stm32f10x_can.c...
compiling stm32f10x_cec.c...
compiling stm32f10x_crc.c...
compiling stm32f10x_dac.c...
compiling stm32f10x_dbgmcu.c...
compiling stm32f10x_dma.c...
compiling stm32f10x_exti.c...
compiling stm32f10x_flash.c...
compiling stm32f10x_fsmc.c...
compiling stm32f10x_gpio.c...
compiling stm32f10x_i2c.c...
compiling stm32f10x_iwdg.c...
compiling stm32f10x_pwr.c...
compiling stm32f10x_rcc.c...
compiling stm32f10x_rtc.c...
compiling stm32f10x_sdio.c...
compiling stm32f10x_spi.c...
compiling stm32f10x_tim.c...
compiling stm32f10x_usart.c...
compiling stm32f10x_wwdg.c...
compiling core_cm3.c...
assembling startup_stm32f10x_md.s...
compiling delay.c...
compiling sys.c...
compiling GPIO.cpp...
compiling USART.cpp...
compiling TaskManager.cpp...
compiling Interrupt.cpp...
compiling I2C.cpp...
compiling IIC.cpp...
compiling Timer.cpp...
compiling SPI.cpp...
compiling ADC.cpp...
compiling PWM.cpp...
compiling InputCapture_EXIT.cpp...
compiling InputCapture_TIM.cpp...
linking...
Program Size: Code=13652 RO-data=380 RW-data=88 ZI-data=2352  
FromELF: creating hex file...
"..\OBJ\Template.axf" - 0 Error(s), 0 Warning(s).
</pre>
</body>
</html>
compiling InputCapture_EXIT.cpp...
compiling InputCapture_TIM.cpp...
linking...
Program Size: Code=13424 RO-data=380 RW-data=104 ZI-data=2336  
FromELF: creating hex file...
"..\OBJ\Template.axf" - 0 Error(s), 2 Warning(s).
